// Jest Snapshot v1, https://goo.gl/fbAQLP

exports[`Center should take a snapshot 1`] = `
<DocumentFragment>
  <div
    class="MuiBox-root MuiBox-root-1"
  >
    Text
  </div>
</DocumentFragment>
`;
